GNU gdb (Ubuntu 8.1.1-0ubuntu1) 8.1.1
Copyright (C) 2018 Free Software Foundation, Inc.
License GPLv3+: GNU GPL version 3 or later <http://gnu.org/licenses/gpl.html>
This is free software: you are free to change and redistribute it.
There is NO WARRANTY, to the extent permitted by law.  Type "show copying"
and "show warranty" for details.
This GDB was configured as "x86_64-linux-gnu".
Type "show configuration" for configuration details.
For bug reporting instructions, please see:
<http://www.gnu.org/software/gdb/bugs/>.
Find the GDB manual and other documentation resources online at:
<http://www.gnu.org/software/gdb/documentation/>.
For help, type "help".
Type "apropos word" to search for commands related to "word"...
Reading symbols from a.out...done.
(gdb) b main
Breakpoint 1 at 0x801: file p2original.c, line 40.
(gdb) r
Starting program: /home/runner/pps-IA1-practice/a.out 
warning: Error disabling address space randomization: Operation not permitted

Breakpoint 1, main () at p2original.c:40
40    x=input_num();
(gdb) n
Enter the number: 5
41    y=input_num();
(gdb) n
Enter the number: 2 
42    z=input_num();
(gdb) n
Enter the number: -1
43    result=cmp(x,y,z);
(gdb) s
cmp (a=5, b=2, c=-1) at p2original.c:13
13    if(a>b && a>c)
(gdb) n
15      return a;
(gdb) n
30  }
(gdb) n
main () at p2original.c:44
44    output(x,y,z,result);
(gdb) s
output (a=5, b=2, c=-1, largest=5) at p2original.c:34
34    printf("The largest number out of %d, %d and %d is: %d",a,b,c,largest);
(gdb) n
35  }
(gdb) n
main () at p2original.c:45
45    return 0;
(gdb) c
Continuing.
The largest number out of 5, 2 and -1 is: 5[Inferior 1 (process 1158) exited normally]
(gdb) 